S-C Software for the Apple II

Authored by Bob Sander-Cederlof  email: bobsc@macromedia.com
WWW: http://freepages.rootsweb.com/~bobsc
     http://members.tripod.com/~BobSanderCederlof/
Released to the Public Domain by Bob Sander-Cederlof, April 2000


SCASM2_4 DSK   S-C Assembler II ver 4.0 (1980)  #4-2181
SCA_6809 DSK   S-C Assembler II ver 4 (1980) - 6809 ver  #6809-04
SCMASM10 DSK   S-C Macro Assembler 1.0 (1982)  #M-5002
SCM_6809 DSK   S-C Macro Assembler 6809 (1982)  #6809-10
SCM_Z80  DSK   S-C Macro Assembler Z-80 (1982)  #Z-80-5
SCM_Z80B DSK   S-C Macro Assembler Z-80 (1982)  #Z-80-17
SCM_68K  DSK   S-C Macro Assembler 68000 (1982)  #68000-13
SC_XREF  DSK   S-C Cross Reference Utility with source (1983)  #CRS-12
SCMASM11 DSK   S-C Macro Assembler 1.1 (1983)  #U-168
SCMASM20 DSK   S-C Macro Assembler 2.0 (1984)  #T-1047
SCSRC20  DSK   S-C Macro Assembler Source Code 2.0  (1985)  #SCD-1006
SCPRO20  DSK   S-C Macro Assembler 2.0 for ProDOS 1.1.1 (1985)  #P-1098
SCREENED DSK   Screen Editor for S-C Macro Asm (Mike Laumer 1983) #SE-1027
ES-CAPE  DSK   Extended S-C Applesoft Editor (1982) #E-1298
ES-CAPE2 DSK   Es-Cape 2.0 pre-release copy #7
SCDOC-1  DSK   S-C Documentor - Applesoft  #AS-42  Drive 1
SCDOC-2  DSK   S-C Documentor - Applesoft  #AS-42  Drive 2
AAL-8602 DSK   Apple Assembly Line Source Disk, 1986-02   #18
AAL-8603 DSK   Apple Assembly Line Source Disk, 1986-03   #20
AAL-8604 DSK   Apple Assembly Line Source Disk, 1986-04   #18
AAL-8605 DSK   Apple Assembly Line Source Disk, 1986-05   #2
AAL-8606 DSK   Apple Assembly Line Source Disk, 1986-06   #25
AAL-8607 DSK   Apple Assembly Line Source Disk, 1986-07   #6
AAL-8608 DSK   Apple Assembly Line Source Disk, 1986-08   #29
AAL-8609 DSK   Apple Assembly Line Source Disk, 1986-09   #26

